============================= test session starts =============================
platform win32 -- Python 3.10.12, pytest-9.0.1, pluggy-1.6.0 -- C:\Users\rodol\miniconda3\python.exe
cachedir: .pytest_cache
rootdir: C:\Users\rodol\Desktop\Ciencia de Dados\Projetos\gemini_3\antflow
configfile: pyproject.toml
plugins: anyio-3.5.0, hydra-core-1.0.7, asyncio-1.3.0
asyncio: mode=auto, debug=False, asyncio_default_fixture_loop_scope=None, asyncio_default_test_loop_scope=function
collecting ... collected 3 items

tests/test_unpacking.py::test_unpack_args_tuple FAILED                   [ 33%]
tests/test_unpacking.py::test_unpack_args_dict FAILED                    [ 66%]
tests/test_unpacking.py::test_unpack_args_mixed_pipeline FAILED          [100%]

================================== FAILURES ===================================
___________________________ test_unpack_args_tuple ____________________________

    @pytest.mark.asyncio
    async def test_unpack_args_tuple():
        stage = Stage(
            name="Add",
            workers=1,
            tasks=[add],
            unpack_args=True
        )
        pipeline = Pipeline(stages=[stage])
    
        # Input is a list of tuples
        inputs = [(1, 2), (3, 4), (5, 6)]
        results = await pipeline.run(inputs)
    
>       assert len(results) == 3
E       assert 0 == 3
E        +  where 0 = len([])

tests\test_unpacking.py:27: AssertionError
---------------------------- Captured stderr call -----------------------------
2025-11-27 17:34:56,076 | ERROR | [Add-W0] FAIL task=add id=0 error=Pipeline._wrap_with_tenacity.<locals>.wrapped() takes 1 positional argument but 2 were given
2025-11-27 17:34:56,077 | ERROR | [Add-W0] FAIL stage=Add id=0 error=Pipeline._wrap_with_tenacity.<locals>.wrapped() takes 1 positional argument but 2 were given
2025-11-27 17:34:58,092 | ERROR | [Add-W0] FAIL task=add id=1 error=Pipeline._wrap_with_tenacity.<locals>.wrapped() takes 1 positional argument but 2 were given
2025-11-27 17:34:58,093 | ERROR | [Add-W0] FAIL stage=Add id=1 error=Pipeline._wrap_with_tenacity.<locals>.wrapped() takes 1 positional argument but 2 were given
2025-11-27 17:35:00,113 | ERROR | [Add-W0] FAIL task=add id=2 error=Pipeline._wrap_with_tenacity.<locals>.wrapped() takes 1 positional argument but 2 were given
2025-11-27 17:35:00,113 | ERROR | [Add-W0] FAIL stage=Add id=2 error=Pipeline._wrap_with_tenacity.<locals>.wrapped() takes 1 positional argument but 2 were given
------------------------------ Captured log call ------------------------------
ERROR    antflow.pipeline:pipeline.py:656 [Add-W0] FAIL task=add id=0 error=Pipeline._wrap_with_tenacity.<locals>.wrapped() takes 1 positional argument but 2 were given
ERROR    antflow.pipeline:pipeline.py:583 [Add-W0] FAIL stage=Add id=0 error=Pipeline._wrap_with_tenacity.<locals>.wrapped() takes 1 positional argument but 2 were given
ERROR    antflow.pipeline:pipeline.py:656 [Add-W0] FAIL task=add id=1 error=Pipeline._wrap_with_tenacity.<locals>.wrapped() takes 1 positional argument but 2 were given
ERROR    antflow.pipeline:pipeline.py:583 [Add-W0] FAIL stage=Add id=1 error=Pipeline._wrap_with_tenacity.<locals>.wrapped() takes 1 positional argument but 2 were given
ERROR    antflow.pipeline:pipeline.py:656 [Add-W0] FAIL task=add id=2 error=Pipeline._wrap_with_tenacity.<locals>.wrapped() takes 1 positional argument but 2 were given
ERROR    antflow.pipeline:pipeline.py:583 [Add-W0] FAIL stage=Add id=2 error=Pipeline._wrap_with_tenacity.<locals>.wrapped() takes 1 positional argument but 2 were given
____________________________ test_unpack_args_dict ____________________________

    @pytest.mark.asyncio
    async def test_unpack_args_dict():
        stage = Stage(
            name="Greet",
            workers=1,
            tasks=[greet],
            unpack_args=True
        )
        pipeline = Pipeline(stages=[stage])
    
        # Input is a list of dicts
        inputs = [
            {"name": "Alice"},
            {"name": "Bob", "greeting": "Hi"}
        ]
        results = await pipeline.run(inputs)
    
>       assert len(results) == 2
E       assert 0 == 2
E        +  where 0 = len([])

tests\test_unpacking.py:49: AssertionError
---------------------------- Captured stderr call -----------------------------
2025-11-27 17:35:02,365 | ERROR | [Greet-W0] FAIL task=greet id=0 error=Pipeline._wrap_with_tenacity.<locals>.wrapped() got an unexpected keyword argument 'name'
2025-11-27 17:35:02,365 | ERROR | [Greet-W0] FAIL stage=Greet id=0 error=Pipeline._wrap_with_tenacity.<locals>.wrapped() got an unexpected keyword argument 'name'
2025-11-27 17:35:04,389 | ERROR | [Greet-W0] FAIL task=greet id=1 error=Pipeline._wrap_with_tenacity.<locals>.wrapped() got an unexpected keyword argument 'name'
2025-11-27 17:35:04,389 | ERROR | [Greet-W0] FAIL stage=Greet id=1 error=Pipeline._wrap_with_tenacity.<locals>.wrapped() got an unexpected keyword argument 'name'
------------------------------ Captured log call ------------------------------
ERROR    antflow.pipeline:pipeline.py:656 [Greet-W0] FAIL task=greet id=0 error=Pipeline._wrap_with_tenacity.<locals>.wrapped() got an unexpected keyword argument 'name'
ERROR    antflow.pipeline:pipeline.py:583 [Greet-W0] FAIL stage=Greet id=0 error=Pipeline._wrap_with_tenacity.<locals>.wrapped() got an unexpected keyword argument 'name'
ERROR    antflow.pipeline:pipeline.py:656 [Greet-W0] FAIL task=greet id=1 error=Pipeline._wrap_with_tenacity.<locals>.wrapped() got an unexpected keyword argument 'name'
ERROR    antflow.pipeline:pipeline.py:583 [Greet-W0] FAIL stage=Greet id=1 error=Pipeline._wrap_with_tenacity.<locals>.wrapped() got an unexpected keyword argument 'name'
_______________________ test_unpack_args_mixed_pipeline _______________________

    @pytest.mark.asyncio
    async def test_unpack_args_mixed_pipeline():
        # Stage 1: Add (returns int)
        stage1 = Stage(
            name="Add",
            workers=1,
            tasks=[add],
            unpack_args=True
        )
    
        # Stage 2: Prepare for multiply (returns tuple)
        async def prepare_multiply(x):
            return (x, 2)
    
        stage2 = Stage(
            name="Prepare",
            workers=1,
            tasks=[prepare_multiply]
        )
    
        # Stage 3: Multiply (unpacks tuple)
        stage3 = Stage(
            name="Multiply",
            workers=1,
            tasks=[multiply],
            unpack_args=True
        )
    
        pipeline = Pipeline(stages=[stage1, stage2, stage3])
    
        inputs = [(1, 1), (2, 2)]
        results = await pipeline.run(inputs)
    
        # (1+1)*2 = 4
        # (2+2)*2 = 8
>       assert results[0]["value"] == 4
E       IndexError: list index out of range

tests\test_unpacking.py:88: IndexError
---------------------------- Captured stderr call -----------------------------
2025-11-27 17:35:06,504 | ERROR | [Add-W0] FAIL task=add id=0 error=Pipeline._wrap_with_tenacity.<locals>.wrapped() takes 1 positional argument but 2 were given
2025-11-27 17:35:06,505 | ERROR | [Add-W0] FAIL stage=Add id=0 error=Pipeline._wrap_with_tenacity.<locals>.wrapped() takes 1 positional argument but 2 were given
2025-11-27 17:35:08,512 | ERROR | [Add-W0] FAIL task=add id=1 error=Pipeline._wrap_with_tenacity.<locals>.wrapped() takes 1 positional argument but 2 were given
2025-11-27 17:35:08,512 | ERROR | [Add-W0] FAIL stage=Add id=1 error=Pipeline._wrap_with_tenacity.<locals>.wrapped() takes 1 positional argument but 2 were given
------------------------------ Captured log call ------------------------------
ERROR    antflow.pipeline:pipeline.py:656 [Add-W0] FAIL task=add id=0 error=Pipeline._wrap_with_tenacity.<locals>.wrapped() takes 1 positional argument but 2 were given
ERROR    antflow.pipeline:pipeline.py:583 [Add-W0] FAIL stage=Add id=0 error=Pipeline._wrap_with_tenacity.<locals>.wrapped() takes 1 positional argument but 2 were given
ERROR    antflow.pipeline:pipeline.py:656 [Add-W0] FAIL task=add id=1 error=Pipeline._wrap_with_tenacity.<locals>.wrapped() takes 1 positional argument but 2 were given
ERROR    antflow.pipeline:pipeline.py:583 [Add-W0] FAIL stage=Add id=1 error=Pipeline._wrap_with_tenacity.<locals>.wrapped() takes 1 positional argument but 2 were given
=========================== short test summary info ===========================
FAILED tests/test_unpacking.py::test_unpack_args_tuple - assert 0 == 3
 +  where 0 = len([])
FAILED tests/test_unpacking.py::test_unpack_args_dict - assert 0 == 2
 +  where 0 = len([])
FAILED tests/test_unpacking.py::test_unpack_args_mixed_pipeline - IndexError: list index out of range
============================= 3 failed in 14.62s ==============================
